// Jest Snapshot v1, https://goo.gl/fbAQLP

exports[`NotFoundPage should render correctly 1`] = `<Unknown />`;
