exports[`Header should render correctly 1`] = `<Header />`;
