// Jest Snapshot v1, https://goo.gl/fbAQLP

exports[`Header should render correctly 1`] = `
<Header>
  <h1>
    Test
  </h1>
</Header>
`;
