// Jest Snapshot v1, https://goo.gl/fbAQLP

exports[`Footer should render correctly 1`] = `
<Footer>
  <h1>
    Test
  </h1>
</Footer>
`;
