exports[`Footer should render correctly 1`] = `<Footer />`;
